Copyright 1986-2022 Xilinx, Inc. All Rights Reserved. Copyright 2022-2025 Advanced Micro Devices, Inc. All Rights Reserved.
---------------------------------------------------------------------------------------------------------------------------------------------
| Tool Version : Vivado v.2025.1 (win64) Build 6140274 Thu May 22 00:12:29 MDT 2025
| Date         : Sun Nov 30 15:57:57 2025
| Host         : Edidiongs-Asus-Laptop running 64-bit major release  (build 9200)
| Command      : report_control_sets -verbose -file BallBeamTop_control_sets_placed.rpt
| Design       : BallBeamTop
| Device       : xc7a100t
---------------------------------------------------------------------------------------------------------------------------------------------

Control Set Information

Table of Contents
-----------------
1. Summary
2. Histogram
3. Flip-Flop Distribution
4. Detailed Control Set Information

1. Summary
----------

+----------------------------------------------------------+-------+
|                          Status                          | Count |
+----------------------------------------------------------+-------+
| Total control sets                                       |    12 |
|    Minimum number of control sets                        |    12 |
|    Addition due to synthesis replication                 |     0 |
|    Addition due to physical synthesis replication        |     0 |
| Unused register locations in slices containing registers |    22 |
+----------------------------------------------------------+-------+
* Control sets can be merged at opt_design using control_set_merge or merge_equivalent_drivers
** Run report_qor_suggestions for automated merging and remapping suggestions


2. Histogram
------------

+--------------------+-------+
|       Fanout       | Count |
+--------------------+-------+
| Total control sets |    12 |
| >= 0 to < 4        |     1 |
| >= 4 to < 6        |     1 |
| >= 6 to < 8        |     1 |
| >= 8 to < 10       |     1 |
| >= 10 to < 12      |     0 |
| >= 12 to < 14      |     1 |
| >= 14 to < 16      |     0 |
| >= 16              |     7 |
+--------------------+-------+
* Control sets can be remapped at either synth_design or opt_design


3. Flip-Flop Distribution
-------------------------

+--------------+-----------------------+------------------------+-----------------+--------------+
| Clock Enable | Synchronous Set/Reset | Asynchronous Set/Reset | Total Registers | Total Slices |
+--------------+-----------------------+------------------------+-----------------+--------------+
| No           | No                    | No                     |              54 |           18 |
| No           | No                    | Yes                    |               0 |            0 |
| No           | Yes                   | No                     |             104 |           30 |
| Yes          | No                    | No                     |              32 |           13 |
| Yes          | No                    | Yes                    |               0 |            0 |
| Yes          | Yes                   | No                     |              44 |           13 |
+--------------+-----------------------+------------------------+-----------------+--------------+


4. Detailed Control Set Information
-----------------------------------

+----------------------+--------------------------------+-----------------------------------+------------------+----------------+--------------+
|     Clock Signal     |          Enable Signal         |          Set/Reset Signal         | Slice Load Count | Bel Load Count | Bels / Slice |
+----------------------+--------------------------------+-----------------------------------+------------------+----------------+--------------+
|  clk100_IBUF_BUFG    | reader/trig_out_i_1_n_0        | reader/counter0                   |                1 |              1 |         1.00 |
|  clk100_IBUF_BUFG    | control/target_reg[9]_i_2_n_0  | control/p_1_in[9]                 |                1 |              4 |         4.00 |
|  clk100_IBUF_BUFG    | control/target_reg_0           | control/p_1_in[11]                |                3 |              7 |         2.33 |
|  clk100_IBUF_BUFG    |                                | control/servo_input1              |                2 |              8 |         4.00 |
|  clk100_IBUF_BUFG    |                                | control/servo_input[19]_i_1_n_0   |                5 |             12 |         2.40 |
|  display/divider/CLK |                                |                                   |                7 |             16 |         2.29 |
|  clk100_IBUF_BUFG    |                                | servo/Count[19]_i_1_n_0           |                6 |             20 |         3.33 |
|  clk100_IBUF_BUFG    |                                | reader/counter0                   |                8 |             32 |         4.00 |
|  clk100_IBUF_BUFG    |                                | display/divider/count[31]_i_1_n_0 |                9 |             32 |         3.56 |
|  clk100_IBUF_BUFG    | reader/echo_period[31]_i_1_n_0 |                                   |               13 |             32 |         2.46 |
|  clk100_IBUF_BUFG    | reader/echo_pulse_time         | reader/counter0                   |                8 |             32 |         4.00 |
|  clk100_IBUF_BUFG    |                                |                                   |               11 |             38 |         3.45 |
+----------------------+--------------------------------+-----------------------------------+------------------+----------------+--------------+


