#-----------------------------------------------------------
# Vivado v2025.1 (64-bit)
# SW Build 6140274 on Thu May 22 00:12:29 MDT 2025
# IP Build 6138677 on Thu May 22 03:10:11 MDT 2025
# SharedData Build 6139179 on Tue May 20 17:58:58 MDT 2025
# Start of session at: Wed Nov 26 15:21:05 2025
# Process ID         : 37368
# Current directory  : C:/Users/Edidiong/DSD_LAB_UTSA/Final_Project/Final_Project.runs/impl_1
# Command line       : vivado.exe -log BallBeamTop.vdi -applog -product Vivado -messageDb vivado.pb -mode batch -source BallBeamTop.tcl -notrace
# Log file           : C:/Users/Edidiong/DSD_LAB_UTSA/Final_Project/Final_Project.runs/impl_1/BallBeamTop.vdi
# Journal file       : C:/Users/Edidiong/DSD_LAB_UTSA/Final_Project/Final_Project.runs/impl_1\vivado.jou
# Running On         : Edidiongs-Asus-Laptop
# Platform           : Windows Server 2016 or Windows 10
# Operating System   : 26100
# Processor Detail   : 13th Gen Intel(R) Core(TM) i7-13620H
# CPU Frequency      : 2918 MHz
# CPU Physical cores : 10
# CPU Logical cores  : 16
# Host memory        : 33957 MB
# Swap memory        : 2147 MB
# Total Virtual      : 36105 MB
# Available Virtual  : 17664 MB
#-----------------------------------------------------------
source BallBeamTop.tcl -notrace
